Script started on 2019-05-09 21:06:38+0530
]0;kazihar@kazihar-VirtualBox: ~[01;32mkazihar@kazihar-VirtualBox[00m:[01;34m~[00m$ sudo apt-get install nomacs[7Pupgrade[5P update[K[K[K[K[K[K[K[K[K[K[K[K[K[K[Klsb_release -a
No LSB modules are available.
Distributor ID:	Ubuntu
Description:	Ubuntu 18.04.2 LTS
Release:	18.04
Codename:	bionic
]0;kazihar@kazihar-VirtualBox: ~[01;32mkazihar@kazihar-VirtualBox[00m:[01;34m~[00m$ uname -r
4.18.0-15-generic
]0;kazihar@kazihar-VirtualBox: ~[01;32mkazihar@kazihar-VirtualBox[00m:[01;34m~[00m$ cat /etc/shells
# /etc/shells: valid login shells
/bin/sh
/bin/bash
/bin/rbash
/bin/dash
]0;kazihar@kazihar-VirtualBox: ~[01;32mkazihar@kazihar-VirtualBox[00m:[01;34m~[00m$ cat /proc/cpuinfo
processor	: 0
vendor_id	: GenuineIntel
cpu family	: 6
model		: 78
model name	: Intel(R) Core(TM) i7-6500U CPU @ 2.50GHz
stepping	: 3
cpu MHz		: 2592.000
cache size	: 4096 KB
physical id	: 0
siblings	: 1
core id		: 0
cpu cores	: 1
apicid		: 0
initial apicid	: 0
fpu		: yes
fpu_exception	: yes
cpuid level	: 22
wp		: yes
flags		: fpu vme de pse tsc msr pae mce cx8 apic sep mtrr pge mca cmov pat pse36 clflush mmx fxsr sse sse2 ht syscall nx rdtscp lm constant_tsc rep_good nopl xtopology nonstop_tsc cpuid tsc_known_freq pni pclmulqdq monitor ssse3 cx16 pcid sse4_1 sse4_2 x2apic movbe popcnt aes xsave avx rdrand hypervisor lahf_lm abm 3dnowprefetch invpcid_single pti fsgsbase avx2 invpcid rdseed clflushopt flush_l1d
bugs		: cpu_meltdown spectre_v1 spectre_v2 spec_store_bypass l1tf
bogomips	: 5184.00
clflush size	: 64
cache_alignment	: 64
address sizes	: 39 bits physical, 48 bits virtual
power management:

]0;kazihar@kazihar-VirtualBox: ~[01;32mkazihar@kazihar-VirtualBox[00m:[01;34m~[00m$ cat /proc/meminfo
MemTotal:        2041112 kB
MemFree:          422244 kB
MemAvailable:     883768 kB
Buffers:           42472 kB
Cached:           547408 kB
SwapCached:            0 kB
Active:          1109644 kB
Inactive:         338288 kB
Active(anon):     858912 kB
Inactive(anon):    14644 kB
Active(file):     250732 kB
Inactive(file):   323644 kB
Unevictable:          16 kB
Mlocked:              16 kB
SwapTotal:        483800 kB
SwapFree:         483800 kB
Dirty:                 0 kB
Writeback:             0 kB
AnonPages:        858088 kB
Mapped:           248156 kB
Shmem:             15508 kB
Slab:              71632 kB
SReclaimable:      37056 kB
SUnreclaim:        34576 kB
KernelStack:        8428 kB
PageTables:        43276 kB
NFS_Unstable:          0 kB
Bounce:                0 kB
WritebackTmp:          0 kB
CommitLimit:     1504356 kB
Committed_AS:    4936484 kB
VmallocTotal:   34359738367 kB
VmallocUsed:           0 kB
VmallocChunk:          0 kB
HardwareCorrupted:     0 kB
AnonHugePages:         0 kB
ShmemHugePages:        0 kB
ShmemPmdMapped:        0 kB
CmaTotal:              0 kB
CmaFree:               0 kB
HugePages_Total:       0
HugePages_Free:        0
HugePages_Rsvd:        0
HugePages_Surp:        0
Hugepagesize:       2048 kB
Hugetlb:               0 kB
DirectMap4k:      110528 kB
DirectMap2M:     1986560 kB
]0;kazihar@kazihar-VirtualBox: ~[01;32mkazihar@kazihar-VirtualBox[00m:[01;34m~[00m$ sudo hdpram -I /dev/sda
[sudo] password for kazihar: 
sudo: hdpram: command not found
]0;kazihar@kazihar-VirtualBox: ~[01;32mkazihar@kazihar-VirtualBox[00m:[01;34m~[00m$ lscpu \[K| grep cache
L1d [01;31m[Kcache[m[K:           32K
L1i [01;31m[Kcache[m[K:           32K
L2 [01;31m[Kcache[m[K:            256K
L3 [01;31m[Kcache[m[K:            4096K
]0;kazihar@kazihar-VirtualBox: ~[01;32mkazihar@kazihar-VirtualBox[00m:[01;34m~[00m$ sudo fsck
fsck from util-linux 2.31.1
e2fsck 1.44.1 (24-Mar-2018)
/dev/sda1 is mounted.
e2fsck: Cannot continue, aborting.


]0;kazihar@kazihar-VirtualBox: ~[01;32mkazihar@kazihar-VirtualBox[00m:[01;34m~[00m$ lsb_rela[Kease
No LSB modules are available.
]0;kazihar@kazihar-VirtualBox: ~[01;32mkazihar@kazihar-VirtualBox[00m:[01;34m~[00m$ exit
exit

Script done on 2019-05-09 21:08:42+0530
